0x63 : 1 0
0x62 : 2 10
0x61 : 3 110
0x0a : 4 1110
0x78 : 4 1111
