0x6b : 1 0
0x6a : 2 10
0x69 : 3 110
0x68 : 4 1110
0x67 : 5 11110
0x0a : 6 111110
0x78 : 12 111111000000
0x61 : 12 111111000001
0x62 : 11 11111100001
0x63 : 10 1111110001
0x64 : 9 111111001
0x65 : 8 11111101
0x66 : 7 1111111
