0x6e : 4 0000
0x63 : 4 0001
0x76 : 6 001000
0x68 : 6 001001
0x75 : 5 00101
0x6f : 4 0011
0x72 : 4 0100
0x6c : 4 0101
0x0a : 3 011
0x6b : 8 10000000
0x6a : 8 10000001
0x31 : 10 1000001000
0x39 : 11 10000010010
0x33 : 12 100000100110
0x38 : 12 100000100111
0x7a : 10 1000001010
0x78 : 10 1000001011
0x77 : 9 100000110
0x71 : 9 100000111
0x66 : 6 100001
0x62 : 5 10001
0x74 : 4 1001
0x73 : 5 10100
0x6d : 5 10101
0x69 : 4 1011
0x64 : 5 11000
0x70 : 7 1100100
0x79 : 7 1100101
0x67 : 6 110011
0x65 : 4 1101
0x61 : 3 111
