0x21 : 3 000
0x57 : 4 0010
0x48 : 4 0011
0x6c : 2 01
0x6f : 3 100
0x0a : 3 101
0x65 : 4 1100
0x64 : 4 1101
0x20 : 4 1110
0x72 : 4 1111
