0x67 : 1 0
0x66 : 2 10
0x65 : 3 110
0x64 : 4 1110
0x63 : 5 11110
0x0a : 6 111110
0x78 : 8 11111100
0x61 : 8 11111101
0x62 : 7 1111111
