0x64 : 1 0
0x63 : 2 10
0x62 : 3 110
0x61 : 4 1110
0x0a : 5 11110
0x78 : 5 11111
