1
19983
aback
abacus
abalone
abandon
abase
abash
abate
abater
abbas
abbe
abbey
abbot
abbreviate
abc
abdicate
abdomen
abdominal
abduct
abed
aberrant
aberrate
abet
abetted
abetting
abeyance
abeyant
abhorred
abhorrent
abide
abject
ablate
ablaze
able
ablution
abnormal
aboard
abode
abolish
abolition
abominable
abominate
aboriginal
aborigine
aborning
abort
abound
about
above
aboveboard
aboveground
abovementioned
abrade
abrasion
abrasive
abreact
abreast
abridge
abridgment
abroad
abrogate
abrupt
abscess
abscissa
abscissae
absence
absent
absentee
absenteeism
absentia
absentminded
absinthe
absolute
absolution
absolve
absorb
absorbent
absorption
absorptive
abstain
abstention
abstinent
abstract
abstracter
abstractor
abstruse
absurd
abuilding
abundant
abusable
abuse
abusive
abut
abutted
abutting
abysmal
abyss
academe
academia
academic
academician
academy
acanthus
accede
accelerate
accelerometer
accent
accentual
accentuate
accept
acceptant
acceptor
access
accessible
accession
accessory
accident
accidental
accipiter
acclaim
acclamation
acclimate
accolade
accommodate
accompaniment
accompanist
accompany
accomplice
accomplish
accord
accordant
accordion
accost
account
accountant
accredit
accreditate
accreditation
accretion
accrual
accrue
acculturate
accumulate
accuracy
accurate
accusation
accusative
accusatory
accuse
accustom
ace
acerbic
acerbity
acetate
acetic
acetone
acetylene
ache
achieve
aching
achromatic
acid
acidic
acidulous
acknowledge
acknowledgeable
acme
acolyte
acorn
acoustic
acquaint
acquaintance
acquiesce
acquiescent
acquire
acquisition
acquisitive
acquit
acquittal
acquitting
acre
acreage
acrid
acrimonious
acrimony
acrobacy
acrobat
acrobatic
acronym
acropolis
across
acrylate
acrylic
act
actinic
actinide
actinium
actinolite
actinometer
activate
activation
activism
actor
actress
actual
actuarial
actuate
acuity
acumen
acute
acyclic
adage
adagio
adamant
adapt
adaptation
adaptive
add
added
addend
addenda
addendum
addict
addition
additional
additive
addle
address
addressee
adduce
adenine
adenoma
adenosine
adept
adequacy
adequate
adhere
adherent
adhesion
adhesive
adiabatic
adieu
adipic
adjacent
adject
adjectival
adjective
adjoin
adjoint
adjourn
adjudge
adjudicate
adjunct
adjust
adjutant
administer
administrable
administrate
administratrix
admiral
admiralty
admiration
admire
admissible
admission
admit
admittance
admitted
admitting
admix
admixture
admonish
admonition
ado
adobe
adolescent
adopt
adoption
adoptive
adore
adorn
adposition
adrenal
adrenaline
adrift
adroit
adsorb
adsorbate
adsorption
adsorptive
adulate
adult
adulterate
adulterous
adultery
adulthood
advance
advantage
advantageous
advent
adventitious
adventure
adventurous
adverb
adverbial
adversary
adverse
advert
advertise
advice
advisable
advise
advisee
advisor
advisory
advocacy
advocate
aegis
aeolian
aerate
aerial
aerobic
aerodynamic
aerogene
aeronautic
aerosol
aerospace
aesthete
aesthetic
afar
affable
affair
affect
affectate
affectation
affectionate
afferent
affiance
affidavit
affiliate
affine
affinity
affirm
affirmation
affirmative
affix
afflict
affluence
affluent
afford
afforest
afforestation
affricate
affront
aficionado
afield
afire
aflame
afloat
afoot
aforementioned
aforesaid
aforethought
afoul
afraid
afresh
afro
aft
aftereffect
afterglow
afterimage
afterlife
aftermath
afternoon
afterthought
afterward
afterword
again
against
agate
agave
age
agenda
agent
agglomerate
agglutinate
agglutinin
aggravate
aggregate
aggression
aggressive
aggressor
aggrieve
aghast
agile
aging
agitate
agleam
agnomen
agnostic
ago
agone
agony
agouti
agrarian
agree
agreeable
agreed
agreeing
agribusiness
agricultural
agriculture
agrimony
ague
ahead
ahem
ahoy
aid
aide
ail
ailanthus
aile
aileron
aim
air
airborne
aircraft
airdrop
airedale
airfare
airfield
airflow
airfoil
airframe
airlift
airline
airlock
airmail
airman
airmass
airmen
airpark
airplane
airport
airspace
airspeed
airstrip
airtight
airway
airy
aisle
ajar
akin
ala
alabaster
alacrity
alai
alan
alarm
alb
alba
albacore
albatross
albeit
album
albumin
alchemy
alcohol
alcoholic
alcoholism
alcove
aldehyde
alder
alderman
aldermen
aldrin
ale
aleph
alert
alewife
alfalfa
alfonso
alfresco
alga
algae
algaecide
algal
algebra
algebraic
alginate
algorithm
algorithmic
alia
alias
alibi
alien
alienate
alight
align
alike
alimony
aliphatic
aliquot
alive
alizarin
alkali
alkaline
alkaloid
alkane
alkene
all
allay
allegate
allegation
allege
allegiant
allegoric
allegory
allegro
allele
allemand
allergic
allergy
alleviate
alley
alleyway
alliance
allied
alligator
alliterate
allocable
allocate
allot
allotropic
allotted
allotting
allow
allowance
alloy
allspice
allude
allure
allusion
allusive
alluvial
alluvium
ally
allyl
alma
almagest
almanac
almighty
almond
almost
aloe
aloft
aloha
alone
along
alongside
aloof
aloud
alp
alpenstock
alpha
alphabet
alphabetic
alphameric
alphanumeric
alpine
already
also
altar
alter
alterate
alteration
altercate
alterman
altern
alternate
althea
although
altimeter
altitude
alto
altogether
altruism
altruist
alum
alumina
aluminate
alumna
alumnae
alumni
alumnus
alundum
alveolar
alveoli
alveolus
alway
always
alyssum
amalgam
amalgamate
amanita
amanuensis
amaranth
amass
amateur
amateurish
amatory
amaze
ambassador
amber
ambiance
ambidextrous
ambient
ambiguity
ambiguous
ambition
ambitious
ambivalent
amble
ambling
ambrose
ambrosia
ambrosial
ambulant
ambulate
ambulatory
ambuscade
ambush
ameliorate
amen
amend
amende
americium
amethyst
amethystine
ami
amicable
amid
amide
amidst
amigo
amino
aminobenzoic
amiss
amity
ammeter
ammo
ammonia
ammoniac
ammonium
ammunition
amnesia
amoeba
amoebae
amok
among
amongst
amoral
amorous
amorphous
amort
amount
amp
amperage
ampere
ampersand
amphetamine
amphibian
amphibious
amphibole
