0x68 : 1 0
0x67 : 2 10
0x66 : 3 110
0x65 : 4 1110
0x64 : 5 11110
0x0a : 6 111110
0x78 : 9 111111000
0x61 : 9 111111001
0x62 : 8 11111101
0x63 : 7 1111111
